// Jest Snapshot v1, https://goo.gl/fbAQLP

exports[`Coverage Table Row bolds skipped entries 1`] = `"<tr id=\\"coverage-row-Row Label\\" class=\\"coverage-partial\\"><td id=\\"cell-label\\" class=\\"bold\\">Row Label</td><td id=\\"cell-covered\\">3</td><td id=\\"cell-skipped\\" class=\\"bold\\">1</td><td id=\\"cell-total\\">3</td><td id=\\"cell-pct\\">70%</td></tr>"`;

exports[`Coverage Table Row displays a green background for passing coverage 1`] = `"<tr id=\\"coverage-row-Row Label\\" class=\\"coverage-complete\\"><td id=\\"cell-label\\" class=\\"bold\\">Row Label</td><td id=\\"cell-covered\\">3</td><td id=\\"cell-skipped\\" class=\\"\\">0</td><td id=\\"cell-total\\">3</td><td id=\\"cell-pct\\">100%</td></tr>"`;

exports[`Coverage Table Row displays a red background for failing coverage 1`] = `"<tr id=\\"coverage-row-Row Label\\" class=\\"coverage-none\\"><td id=\\"cell-label\\" class=\\"bold\\">Row Label</td><td id=\\"cell-covered\\">3</td><td id=\\"cell-skipped\\" class=\\"\\">0</td><td id=\\"cell-total\\">3</td><td id=\\"cell-pct\\">0%</td></tr>"`;

exports[`Coverage Table Row displays a yellow background for partial coverage 1`] = `"<tr id=\\"coverage-row-Row Label\\" class=\\"coverage-partial\\"><td id=\\"cell-label\\" class=\\"bold\\">Row Label</td><td id=\\"cell-covered\\">3</td><td id=\\"cell-skipped\\" class=\\"\\">0</td><td id=\\"cell-total\\">3</td><td id=\\"cell-pct\\">70%</td></tr>"`;
